// Jest Snapshot v1, https://goo.gl/fbAQLP

exports[`ONS Not production warning Test matches Snapshot 1`] = `<NotProductionWarning />`;
