// Jest Snapshot v1, https://goo.gl/fbAQLP

exports[`ONS Password Input Test matches Snapshot 1`] = `
Object {
  "asFragment": [Function],
  "baseElement": <body>
    <div>
      <p
        class="ons-field"
      >
        <label
          class="ons-label"
          for="password"
        />
        <span
          class="ons-checkbox ons-checkbox--toggle"
        >
          <input
            autocomplete="new-password"
            class="ons-checkbox__input"
            id="password-toggle"
            name="show-password"
            type="checkbox"
          />
          <label
            class="ons-checkbox__label "
            for="password-toggle"
            id="password-toggle-label"
          >
            Show password
          </label>
        </span>
        <input
          class="ons-input ons-input--text ons-input-type__input ons-u-mt-xs"
          data-testid="login-password-input"
          id="password"
          type="password"
          value=""
        />
      </p>
    </div>
  </body>,
  "container": <div>
    <p
      class="ons-field"
    >
      <label
        class="ons-label"
        for="password"
      />
      <span
        class="ons-checkbox ons-checkbox--toggle"
      >
        <input
          autocomplete="new-password"
          class="ons-checkbox__input"
          id="password-toggle"
          name="show-password"
          type="checkbox"
        />
        <label
          class="ons-checkbox__label "
          for="password-toggle"
          id="password-toggle-label"
        >
          Show password
        </label>
      </span>
      <input
        class="ons-input ons-input--text ons-input-type__input ons-u-mt-xs"
        data-testid="login-password-input"
        id="password"
        type="password"
        value=""
      />
    </p>
  </div>,
  "debug": [Function],
  "findAllByAltText": [Function],
  "findAllByDisplayValue": [Function],
  "findAllByLabelText": [Function],
  "findAllByPlaceholderText": [Function],
  "findAllByRole": [Function],
  "findAllByTestId": [Function],
  "findAllByText": [Function],
  "findAllByTitle": [Function],
  "findByAltText": [Function],
  "findByDisplayValue": [Function],
  "findByLabelText": [Function],
  "findByPlaceholderText": [Function],
  "findByRole": [Function],
  "findByTestId": [Function],
  "findByText": [Function],
  "findByTitle": [Function],
  "getAllByAltText": [Function],
  "getAllByDisplayValue": [Function],
  "getAllByLabelText": [Function],
  "getAllByPlaceholderText": [Function],
  "getAllByRole": [Function],
  "getAllByTestId": [Function],
  "getAllByText": [Function],
  "getAllByTitle": [Function],
  "getByAltText": [Function],
  "getByDisplayValue": [Function],
  "getByLabelText": [Function],
  "getByPlaceholderText": [Function],
  "getByRole": [Function],
  "getByTestId": [Function],
  "getByText": [Function],
  "getByTitle": [Function],
  "queryAllByAltText": [Function],
  "queryAllByDisplayValue": [Function],
  "queryAllByLabelText": [Function],
  "queryAllByPlaceholderText": [Function],
  "queryAllByRole": [Function],
  "queryAllByTestId": [Function],
  "queryAllByText": [Function],
  "queryAllByTitle": [Function],
  "queryByAltText": [Function],
  "queryByDisplayValue": [Function],
  "queryByLabelText": [Function],
  "queryByPlaceholderText": [Function],
  "queryByRole": [Function],
  "queryByTestId": [Function],
  "queryByText": [Function],
  "queryByTitle": [Function],
  "rerender": [Function],
  "unmount": [Function],
}
`;
